org/coursera/metrics/datadog/transport/Transport$Request.class
org/coursera/metrics/datadog/transport/UdpTransport.class
org/coursera/metrics/datadog/TagUtils.class
org/coursera/metrics/datadog/transport/HttpTransport$HttpRequest$2.class
org/coursera/metrics/datadog/TaggedName$1.class
org/coursera/metrics/datadog/DatadogReporter$1.class
org/coursera/metrics/serializer/Serializer.class
org/coursera/metrics/datadog/transport/UdpTransport$1.class
org/coursera/metrics/datadog/transport/HttpTransport.class
org/coursera/metrics/datadog/transport/UdpTransport$Builder.class
org/coursera/metrics/datadog/DefaultMetricNameFormatter.class
org/coursera/metrics/datadog/DatadogReporter$Expansion.class
org/coursera/metrics/datadog/transport/Transport.class
org/coursera/metrics/datadog/model/DatadogCounter.class
org/coursera/metrics/serializer/JsonSerializer.class
org/coursera/metrics/datadog/DynamicTagsCallback.class
org/coursera/metrics/datadog/transport/UdpTransport$DogstatsdRequest.class
org/coursera/metrics/datadog/model/DatadogGauge.class
org/coursera/metrics/datadog/transport/HttpTransport$HttpRequest.class
org/coursera/metrics/datadog/MetricNameFormatter.class
org/coursera/metrics/datadog/AwsHelper.class
org/coursera/metrics/datadog/TaggedName.class
org/coursera/metrics/datadog/transport/HttpTransport$Builder.class
org/coursera/metrics/datadog/transport/HttpTransport$HttpRequest$1.class
org/coursera/metrics/datadog/transport/HttpTransport$1.class
org/coursera/metrics/datadog/DatadogReporter.class
org/coursera/metrics/datadog/model/DatadogSeries.class
org/coursera/metrics/datadog/DatadogReporter$Builder.class
org/coursera/metrics/datadog/TaggedName$TaggedNameBuilder.class
